뿯붿..\venv\Scripts\python.exe : 
Traceback (most recent call 
last):
At line:1 char:1
+ ..\venv\Scripts\python.exe 
test_endpoint.py > 
test_output.txt 2>&1
+ ~~~~~~~~~~~~~~~~~~~~~~~~~~~
~~~~~~~~~~~~~~~~~~~~~~~~~~~~~
~~~~~~~~~~
    + CategoryInfo           
   : NotSpecified: (Traceba  
  ck (most recent call las   
 t)::String) [], RemoteEx    
ception
    + FullyQualifiedErrorId  
   : NativeCommandError
 
  File "C:\Users\Yashika\cybe
rcrime\backend\app\api\v1\end
points\incidents.py", line 
276, in 
analyze_wallet_incident
Calling analyze_wallet_incident...
    txns = 
fetch_real_transactions(db, 
wallet)
           ^^^^^^^^^^^^^^^^^^
^^^^^^^^^^^^^^^^^
  File "C:\Users\Yashika\cybe
rcrime\backend\app\api\v1\end
points\incidents.py", line 
234, in 
fetch_real_transactions
    or_(FraudTransaction.name
Orig == wallet, 
FraudTransaction.nameDest == 
wallet)
        
^^^^^^^^^^^^^^^^^^^^^^^^^
AttributeError: type object 
'FraudTransaction' has no 
attribute 'nameOrig'. Did 
you mean: 'name_orig'?

During handling of the above 
exception, another exception 
occurred:

Traceback (most recent call 
last):
  File "C:\Users\Yashika\cybe
rcrime\backend\test_endpoint.
py", line 21, in 
test_endpoint
    result = await analyze_wa
llet_incident(request, db)
             ^^^^^^^^^^^^^^^^
^^^^^^^^^^^^^^^^^^^^^^^^^^
  File "C:\Users\Yashika\cybe
rcrime\backend\app\api\v1\end
points\incidents.py", line 
470, in 
analyze_wallet_incident
    raise HTTPException(statu
s_code=500, detail=f"Error 
analyzing wallet: {str(e)}")
fastapi.exceptions.HTTPExcept
ion

During handling of the above 
exception, another exception 
occurred:

Traceback (most recent call 
last):
  File "C:\Users\Yashika\cybe
rcrime\backend\test_endpoint.
py", line 30, in <module>
    
asyncio.run(test_endpoint())
  File "C:\Users\Yashika\AppD
ata\Local\Programs\Python\Pyt
hon311\Lib\asyncio\runners.py
", line 190, in run
    return runner.run(main)
           ^^^^^^^^^^^^^^^^
  File "C:\Users\Yashika\AppD
ata\Local\Programs\Python\Pyt
hon311\Lib\asyncio\runners.py
", line 118, in run
    return self._loop.run_unt
il_complete(task)
           ^^^^^^^^^^^^^^^^^^
^^^^^^^^^^^^^^^^^
  File "C:\Users\Yashika\AppD
ata\Local\Programs\Python\Pyt
hon311\Lib\asyncio\base_event
s.py", line 654, in 
run_until_complete
    return future.result()
           ^^^^^^^^^^^^^^^
  File "C:\Users\Yashika\cybe
rcrime\backend\test_endpoint.
py", line 25, in 
test_endpoint
    print(f"\u2717 Error: 
{e}")
  File "C:\Users\Yashika\AppD
ata\Local\Programs\Python\Pyt
hon311\Lib\encodings\cp1252.p
y", line 19, in encode
    return codecs.charmap_enc
ode(input,self.errors,encodin
g_table)[0]
           ^^^^^^^^^^^^^^^^^^
^^^^^^^^^^^^^^^^^^^^^^^^^^^^^
^^^^^^^^
UnicodeEncodeError: 
'charmap' codec can't encode 
character '\u2717' in 
position 0: character maps 
to <undefined>

During handling of the above 
exception, another exception 
occurred:

Traceback (most recent call 
last):
  File "C:\Users\Yashika\cybe
rcrime\backend\test_endpoint.
py", line 33, in <module>
    print(f"\u2717 
Import/Setup Error: {e}")
  File "C:\Users\Yashika\AppD
ata\Local\Programs\Python\Pyt
hon311\Lib\encodings\cp1252.p
y", line 19, in encode
    return codecs.charmap_enc
ode(input,self.errors,encodin
g_table)[0]
           ^^^^^^^^^^^^^^^^^^
^^^^^^^^^^^^^^^^^^^^^^^^^^^^^
^^^^^^^^
UnicodeEncodeError: 
'charmap' codec can't encode 
character '\u2717' in 
position 0: character maps 
to <undefined>
